// Jest Snapshot v1, https://goo.gl/fbAQLP

exports[`<SearchInput /> Should create an entry in component <SearchInput/> 1`] = `ShallowWrapper {}`;

exports[`<SearchInput /> render correctly text component <SearchInput/> 1`] = `ShallowWrapper {}`;
